// Jest Snapshot v1, https://goo.gl/fbAQLP

exports[`render input done in snapshot 1`] = `
<li
  class="list-group-item"
  data-testid="listing"
>
  <input
    checked=""
    data-testid="checkbox"
    type="checkbox"
  />
  <span
    class="forme"
    role="button"
    style="padding: 5px; margin-left: 20px; font-size: 20px;"
  >
    Ã—
  </span>
</li>
`;
