// Jest Snapshot v1, https://goo.gl/fbAQLP

exports[`render input in snapshot 1`] = `
<span
  class="forme"
  data-testid="deleteTask"
  role="button"
  style="padding: 5px; margin-left: 20px; font-size: 20px;"
>
  <input
    type="checkbox"
  />
</span>
`;
